// Jest Snapshot v1, https://goo.gl/fbAQLP

exports[`Testes da p√°gina Home Teste de snapshot 1`] = `
<div>
  <h2
    class="text-center mt-3"
  >
    Bem-vindo, 
     
    <svg
      aria-hidden="true"
      class="svg-inline--fa fa-face-smile-beam "
      data-icon="face-smile-beam"
      data-prefix="fas"
      focusable="false"
      role="img"
      viewBox="0 0 512 512"
      xmlns="http://www.w3.org/2000/svg"
    >
      <path
        d="M256 512c141.4 0 256-114.6 256-256S397.4 0 256 0S0 114.6 0 256S114.6 512 256 512zM164.1 325.5C182 346.2 212.6 368 256 368s74-21.8 91.9-42.5c5.8-6.7 15.9-7.4 22.6-1.6s7.4 15.9 1.6 22.6C349.8 372.1 311.1 400 256 400s-93.8-27.9-116.1-53.5c-5.8-6.7-5.1-16.8 1.6-22.6s16.8-5.1 22.6 1.6zm53.5-96.7l0 0 0 0-.2-.2c-.2-.2-.4-.5-.7-.9c-.6-.8-1.6-2-2.8-3.4c-2.5-2.8-6-6.6-10.2-10.3c-8.8-7.8-18.8-14-27.7-14s-18.9 6.2-27.7 14c-4.2 3.7-7.7 7.5-10.2 10.3c-1.2 1.4-2.2 2.6-2.8 3.4c-.3 .4-.6 .7-.7 .9l-.2 .2 0 0 0 0 0 0c-2.1 2.8-5.7 3.9-8.9 2.8s-5.5-4.1-5.5-7.6c0-17.9 6.7-35.6 16.6-48.8c9.8-13 23.9-23.2 39.4-23.2s29.6 10.2 39.4 23.2c9.9 13.2 16.6 30.9 16.6 48.8c0 3.4-2.2 6.5-5.5 7.6s-6.9 0-8.9-2.8l0 0 0 0zm160 0l0 0-.2-.2c-.2-.2-.4-.5-.7-.9c-.6-.8-1.6-2-2.8-3.4c-2.5-2.8-6-6.6-10.2-10.3c-8.8-7.8-18.8-14-27.7-14s-18.9 6.2-27.7 14c-4.2 3.7-7.7 7.5-10.2 10.3c-1.2 1.4-2.2 2.6-2.8 3.4c-.3 .4-.6 .7-.7 .9l-.2 .2 0 0 0 0 0 0c-2.1 2.8-5.7 3.9-8.9 2.8s-5.5-4.1-5.5-7.6c0-17.9 6.7-35.6 16.6-48.8c9.8-13 23.9-23.2 39.4-23.2s29.6 10.2 39.4 23.2c9.9 13.2 16.6 30.9 16.6 48.8c0 3.4-2.2 6.5-5.5 7.6s-6.9 0-8.9-2.8l0 0 0 0 0 0z"
        fill="currentColor"
      />
    </svg>
  </h2>
  <div
    class="row justify-content-center mt-3"
  >
    <div
      class="col-3 mt-3"
    >
      <div
        class="card h-100"
      >
        <div
          class="card-header"
          style="cursor: pointer;"
        >
          <svg
            aria-hidden="true"
            class="svg-inline--fa fa-user "
            data-icon="user"
            data-prefix="fas"
            focusable="false"
            role="img"
            viewBox="0 0 448 512"
            xmlns="http://www.w3.org/2000/svg"
          >
            <path
              d="M224 256c70.7 0 128-57.3 128-128S294.7 0 224 0S96 57.3 96 128s57.3 128 128 128zm-45.7 48C79.8 304 0 383.8 0 482.3C0 498.7 13.3 512 29.7 512H418.3c16.4 0 29.7-13.3 29.7-29.7C448 383.8 368.2 304 269.7 304H178.3z"
              fill="currentColor"
            />
          </svg>
           Pessoas
        </div>
        <div
          class="card-body"
        >
          <div
            class="text-center"
          >
            <div
              class="spinner-border"
              role="status"
            >
              <span
                class="visually-hidden"
              >
                 Carregando... 
              </span>
            </div>
          </div>
        </div>
      </div>
    </div>
    <div
      class="col-3 mt-3"
    >
      <div
        class="card h-100"
      >
        <div
          class="card-header"
          style="cursor: pointer;"
        >
          <svg
            aria-hidden="true"
            class="svg-inline--fa fa-users "
            data-icon="users"
            data-prefix="fas"
            focusable="false"
            role="img"
            viewBox="0 0 640 512"
            xmlns="http://www.w3.org/2000/svg"
          >
            <path
              d="M144 160c-44.2 0-80-35.8-80-80S99.8 0 144 0s80 35.8 80 80s-35.8 80-80 80zm368 0c-44.2 0-80-35.8-80-80s35.8-80 80-80s80 35.8 80 80s-35.8 80-80 80zM0 298.7C0 239.8 47.8 192 106.7 192h42.7c15.9 0 31 3.5 44.6 9.7c-1.3 7.2-1.9 14.7-1.9 22.3c0 38.2 16.8 72.5 43.3 96c-.2 0-.4 0-.7 0H21.3C9.6 320 0 310.4 0 298.7zM405.3 320c-.2 0-.4 0-.7 0c26.6-23.5 43.3-57.8 43.3-96c0-7.6-.7-15-1.9-22.3c13.6-6.3 28.7-9.7 44.6-9.7h42.7C592.2 192 640 239.8 640 298.7c0 11.8-9.6 21.3-21.3 21.3H405.3zM416 224c0 53-43 96-96 96s-96-43-96-96s43-96 96-96s96 43 96 96zM128 485.3C128 411.7 187.7 352 261.3 352H378.7C452.3 352 512 411.7 512 485.3c0 14.7-11.9 26.7-26.7 26.7H154.7c-14.7 0-26.7-11.9-26.7-26.7z"
              fill="currentColor"
            />
          </svg>
           Grupos
        </div>
        <div
          class="card-body"
        >
          <div
            class="text-center"
          >
            <div
              class="spinner-border"
              role="status"
            >
              <span
                class="visually-hidden"
              >
                 Carregando... 
              </span>
            </div>
          </div>
        </div>
      </div>
    </div>
  </div>
</div>
`;
