// Jest Snapshot v1, https://goo.gl/fbAQLP

exports[`Testes da p√°gina Inicial Teste de snapshot 1`] = `
<div>
  <div
    class="text-center"
  >
    <div
      class="spinner-border"
      role="status"
    >
      <span
        class="visually-hidden"
      >
         Carregando... 
      </span>
    </div>
  </div>
</div>
`;
